2026-01-04 21:38:12,394 - masks - WARNING - Номер карты должен содержать 16 цифр
2026-01-04 21:38:12,468 - masks - WARNING - Номер карты должен содержать 16 цифр
2026-01-04 21:38:12,468 - masks - WARNING - Номер карты должен содержать 16 цифр
2026-01-04 21:38:12,468 - masks - WARNING - Номер карты должен содержать 16 цифр
2026-01-04 21:38:12,468 - masks - WARNING - Номер карты должен содержать 16 цифр
2026-01-04 21:38:12,468 - masks - WARNING - Номер карты должен содержать 16 цифр
2026-01-04 21:38:12,468 - masks - WARNING - Номер карты должен содержать 16 цифр
2026-01-04 21:38:12,469 - masks - WARNING - Номер карты должен содержать 16 цифр
2026-01-04 21:38:12,469 - masks - WARNING - Номер карты должен содержать 16 цифр
2026-01-04 21:38:12,470 - masks - WARNING - Номер карты должен содержать 16 цифр
2026-01-04 21:38:12,470 - masks - WARNING - Номер карты должен содержать 16 цифр
2026-01-04 21:38:12,470 - masks - WARNING - Номер карты должен содержать 16 цифр
2026-01-04 21:38:12,470 - masks - WARNING - Номер карты должен содержать 16 цифр
2026-01-04 21:38:12,470 - masks - WARNING - Номер карты должен содержать 16 цифр
2026-01-04 21:38:12,470 - masks - WARNING - Номер карты должен содержать 16 цифр
2026-01-04 21:38:12,470 - masks - WARNING - Номер карты должен содержать 16 цифр
2026-01-04 21:38:12,470 - masks - WARNING - Номер карты должен содержать 16 цифр
2026-01-04 21:38:12,470 - masks - WARNING - Номер карты должен содержать 16 цифр
2026-01-04 21:38:12,470 - masks - WARNING - Номер карты должен содержать 16 цифр
2026-01-04 21:38:12,470 - masks - WARNING - Номер карты должен содержать 16 цифр
2026-01-04 21:38:12,470 - masks - WARNING - Номер карты должен содержать 16 цифр
2026-01-04 21:38:12,470 - masks - WARNING - Номер карты должен содержать 16 цифр
2026-01-04 21:38:12,470 - masks - WARNING - Номер карты должен содержать 16 цифр
2026-01-04 21:38:12,470 - masks - WARNING - Номер карты должен содержать 16 цифр
2026-01-04 21:38:12,471 - masks - WARNING - Номер карты должен содержать 16 цифр
2026-01-04 21:38:12,471 - masks - WARNING - Номер карты должен содержать 16 цифр
2026-01-04 21:38:12,471 - masks - WARNING - Номер карты должен содержать 16 цифр
2026-01-04 21:38:12,471 - masks - WARNING - Номер карты должен содержать 16 цифр
2026-01-04 21:38:12,471 - masks - WARNING - Номер карты должен содержать 16 цифр
2026-01-04 21:38:12,471 - masks - WARNING - Номер карты должен содержать 16 цифр
2026-01-04 21:38:12,471 - masks - WARNING - Номер карты должен содержать 16 цифр
2026-01-04 21:38:12,471 - masks - WARNING - Номер карты должен содержать 16 цифр
2026-01-04 21:38:12,471 - masks - WARNING - Номер карты должен содержать 16 цифр
2026-01-04 21:38:12,471 - masks - WARNING - Номер карты должен содержать 16 цифр
2026-01-04 21:38:12,471 - masks - WARNING - Номер карты должен содержать 16 цифр
2026-01-04 21:38:12,471 - masks - WARNING - Номер карты должен содержать 16 цифр
2026-01-04 21:38:12,471 - masks - WARNING - Номер карты должен содержать 16 цифр
2026-01-04 21:38:12,471 - masks - WARNING - Номер карты должен содержать 16 цифр
2026-01-04 21:38:12,471 - masks - WARNING - Номер карты должен содержать 16 цифр
2026-01-04 21:38:12,471 - masks - WARNING - Номер карты должен содержать 16 цифр
2026-01-04 21:38:12,472 - masks - WARNING - Номер карты должен содержать 16 цифр
2026-01-04 21:38:12,472 - masks - WARNING - Номер карты должен содержать 16 цифр
2026-01-04 21:38:12,472 - masks - WARNING - Номер карты должен содержать 16 цифр
2026-01-04 21:38:12,472 - masks - WARNING - Номер карты должен содержать 16 цифр
2026-01-04 21:38:12,472 - masks - WARNING - Номер карты должен содержать 16 цифр
2026-01-04 21:38:12,472 - masks - WARNING - Номер карты должен содержать 16 цифр
2026-01-04 21:38:12,472 - masks - WARNING - Номер карты должен содержать 16 цифр
2026-01-04 21:38:12,472 - masks - WARNING - Номер карты должен содержать 16 цифр
2026-01-04 21:38:12,472 - masks - WARNING - Номер карты должен содержать 16 цифр
2026-01-04 21:38:12,472 - masks - WARNING - Номер карты должен содержать 16 цифр
2026-01-04 21:38:12,472 - masks - WARNING - Номер карты должен содержать 16 цифр
2026-01-04 21:38:12,472 - masks - WARNING - Номер карты должен содержать 16 цифр
2026-01-04 21:38:12,472 - masks - WARNING - Номер карты должен содержать 16 цифр
2026-01-04 21:38:12,472 - masks - WARNING - Номер карты должен содержать 16 цифр
2026-01-04 21:38:12,472 - masks - WARNING - Номер карты должен содержать 16 цифр
2026-01-04 21:38:12,473 - masks - WARNING - Номер карты должен содержать 16 цифр
2026-01-04 21:38:12,473 - masks - WARNING - Номер карты должен содержать 16 цифр
2026-01-04 21:38:12,473 - masks - WARNING - Номер карты должен содержать 16 цифр
2026-01-04 21:38:12,473 - masks - WARNING - Номер карты должен содержать 16 цифр
2026-01-04 21:38:12,473 - masks - WARNING - Номер карты должен содержать 16 цифр
2026-01-04 21:38:12,473 - masks - WARNING - Номер карты должен содержать 16 цифр
2026-01-04 21:38:12,473 - masks - WARNING - Номер карты должен содержать 16 цифр
2026-01-04 21:38:12,473 - masks - WARNING - Номер карты должен содержать 16 цифр
2026-01-04 21:38:12,473 - masks - WARNING - Номер карты должен содержать 16 цифр
2026-01-04 21:38:12,473 - masks - WARNING - Номер карты должен содержать 16 цифр
2026-01-04 21:38:12,473 - masks - WARNING - Номер карты должен содержать 16 цифр
2026-01-04 21:38:12,473 - masks - WARNING - Номер карты должен содержать 16 цифр
2026-01-04 21:38:12,473 - masks - WARNING - Номер карты должен содержать 16 цифр
2026-01-04 21:38:12,473 - masks - WARNING - Номер карты должен содержать 16 цифр
2026-01-04 21:38:12,473 - masks - WARNING - Номер карты должен содержать 16 цифр
2026-01-04 21:38:12,474 - masks - WARNING - Номер карты должен содержать 16 цифр
2026-01-04 21:38:12,474 - masks - WARNING - Номер карты должен содержать 16 цифр
2026-01-04 21:38:12,474 - masks - WARNING - Номер карты должен содержать 16 цифр
2026-01-04 21:38:12,474 - masks - WARNING - Номер карты должен содержать 16 цифр
2026-01-04 21:38:12,474 - masks - WARNING - Номер карты должен содержать 16 цифр
2026-01-04 21:38:12,474 - masks - WARNING - Номер карты должен содержать 16 цифр
2026-01-04 21:38:12,474 - masks - WARNING - Номер карты должен содержать 16 цифр
2026-01-04 21:38:12,474 - masks - WARNING - Номер карты должен содержать 16 цифр
2026-01-04 21:38:12,474 - masks - WARNING - Номер карты должен содержать 16 цифр
2026-01-04 21:38:12,474 - masks - WARNING - Номер карты должен содержать 16 цифр
2026-01-04 21:38:12,474 - masks - WARNING - Номер карты должен содержать 16 цифр
2026-01-04 21:38:12,474 - masks - WARNING - Номер карты должен содержать 16 цифр
2026-01-04 21:38:12,474 - masks - WARNING - Номер карты должен содержать 16 цифр
2026-01-04 21:38:12,474 - masks - WARNING - Номер карты должен содержать 16 цифр
2026-01-04 21:38:12,474 - masks - WARNING - Номер карты должен содержать 16 цифр
2026-01-04 21:38:12,474 - masks - WARNING - Номер карты должен содержать 16 цифр
2026-01-04 21:38:12,475 - masks - WARNING - Номер карты должен содержать 16 цифр
2026-01-04 21:38:12,475 - masks - WARNING - Номер карты должен содержать 16 цифр
2026-01-04 21:38:12,475 - masks - WARNING - Номер карты должен содержать 16 цифр
2026-01-04 21:38:12,475 - masks - WARNING - Номер карты должен содержать 16 цифр
2026-01-04 21:38:12,475 - masks - WARNING - Номер карты должен содержать 16 цифр
2026-01-04 21:38:12,475 - masks - WARNING - Номер карты должен содержать 16 цифр
2026-01-04 21:38:12,475 - masks - WARNING - Номер карты должен содержать 16 цифр
2026-01-04 21:38:12,475 - masks - WARNING - Номер карты должен содержать 16 цифр
2026-01-04 21:38:12,475 - masks - WARNING - Номер карты должен содержать 16 цифр
2026-01-04 21:38:12,475 - masks - WARNING - Номер карты должен содержать 16 цифр
2026-01-04 21:38:12,475 - masks - WARNING - Номер карты должен содержать 16 цифр
2026-01-04 21:38:12,475 - masks - WARNING - Номер карты должен содержать 16 цифр
2026-01-04 21:38:12,475 - masks - WARNING - Номер карты должен содержать 16 цифр
2026-01-04 21:38:12,475 - masks - WARNING - Номер карты должен содержать 16 цифр
2026-01-04 21:38:12,475 - masks - WARNING - Номер карты должен содержать 16 цифр
2026-01-04 21:38:12,476 - masks - WARNING - Номер карты должен содержать 16 цифр
2026-01-04 21:38:12,476 - masks - WARNING - Номер карты должен содержать 16 цифр
2026-01-04 21:38:12,476 - masks - WARNING - Номер карты должен содержать 16 цифр
2026-01-04 21:38:12,476 - masks - WARNING - Номер карты должен содержать 16 цифр
2026-01-04 21:38:12,476 - masks - WARNING - Номер карты должен содержать 16 цифр
2026-01-04 21:38:12,476 - masks - WARNING - Номер карты должен содержать 16 цифр
2026-01-04 21:38:12,476 - masks - WARNING - Номер карты должен содержать 16 цифр
2026-01-04 21:38:12,476 - masks - WARNING - Номер карты должен содержать 16 цифр
2026-01-04 21:38:12,476 - masks - WARNING - Номер карты должен содержать 16 цифр
2026-01-04 21:38:12,476 - masks - WARNING - Номер карты должен содержать 16 цифр
2026-01-04 21:38:12,476 - masks - WARNING - Номер карты должен содержать 16 цифр
2026-01-04 21:38:12,476 - masks - WARNING - Номер карты должен содержать 16 цифр
2026-01-04 21:38:12,476 - masks - WARNING - Номер карты должен содержать 16 цифр
2026-01-04 21:38:12,476 - masks - WARNING - Номер карты должен содержать 16 цифр
2026-01-04 21:38:12,476 - masks - WARNING - Номер карты должен содержать 16 цифр
2026-01-04 21:38:12,477 - masks - WARNING - Номер карты должен содержать 16 цифр
2026-01-04 21:38:12,477 - masks - WARNING - Номер карты должен содержать 16 цифр
2026-01-04 21:38:12,477 - masks - WARNING - Номер карты должен содержать 16 цифр
2026-01-04 21:38:12,477 - masks - WARNING - Номер карты должен содержать 16 цифр
2026-01-04 21:38:12,477 - masks - WARNING - Номер карты должен содержать 16 цифр
2026-01-04 21:38:12,477 - masks - WARNING - Номер карты должен содержать 16 цифр
2026-01-04 21:38:12,477 - masks - WARNING - Номер карты должен содержать 16 цифр
2026-01-04 21:38:12,477 - masks - WARNING - Номер карты должен содержать 16 цифр
2026-01-04 21:38:12,477 - masks - WARNING - Номер карты должен содержать 16 цифр
2026-01-04 21:38:12,477 - masks - WARNING - Номер карты должен содержать 16 цифр
2026-01-04 21:38:12,477 - masks - WARNING - Номер карты должен содержать 16 цифр
2026-01-04 21:38:12,477 - masks - WARNING - Номер карты должен содержать 16 цифр
2026-01-04 21:38:12,477 - masks - WARNING - Номер карты должен содержать 16 цифр
2026-01-04 21:38:12,477 - masks - WARNING - Номер карты должен содержать 16 цифр
2026-01-04 21:38:12,477 - masks - WARNING - Номер карты должен содержать 16 цифр
2026-01-04 21:38:12,477 - masks - WARNING - Номер карты должен содержать 16 цифр
2026-01-04 21:38:12,478 - masks - WARNING - Номер карты должен содержать 16 цифр
2026-01-04 21:38:12,478 - masks - WARNING - Номер карты должен содержать 16 цифр
2026-01-04 21:38:12,478 - masks - WARNING - Номер карты должен содержать 16 цифр
2026-01-04 21:38:12,478 - masks - WARNING - Номер карты должен содержать 16 цифр
2026-01-04 21:38:12,478 - masks - WARNING - Номер карты должен содержать 16 цифр
2026-01-04 21:38:12,478 - masks - WARNING - Номер карты должен содержать 16 цифр
2026-01-04 21:38:12,478 - masks - WARNING - Номер карты должен содержать 16 цифр
2026-01-04 21:38:12,478 - masks - WARNING - Номер карты должен содержать 16 цифр
2026-01-04 21:38:12,478 - masks - WARNING - Номер карты должен содержать 16 цифр
2026-01-04 21:38:12,478 - masks - WARNING - Номер карты должен содержать 16 цифр
2026-01-04 21:38:12,478 - masks - WARNING - Номер карты должен содержать 16 цифр
2026-01-04 21:38:12,478 - masks - WARNING - Номер карты должен содержать 16 цифр
2026-01-04 21:38:12,478 - masks - WARNING - Номер карты должен содержать 16 цифр
2026-01-04 21:38:12,478 - masks - WARNING - Номер карты должен содержать 16 цифр
2026-01-04 21:38:12,478 - masks - WARNING - Номер карты должен содержать 16 цифр
2026-01-04 21:38:12,479 - masks - WARNING - Номер карты должен содержать 16 цифр
2026-01-04 21:38:12,479 - masks - WARNING - Номер карты должен содержать 16 цифр
2026-01-04 21:38:12,479 - masks - WARNING - Номер карты должен содержать 16 цифр
2026-01-04 21:38:12,479 - masks - WARNING - Номер карты должен содержать 16 цифр
2026-01-04 21:38:12,479 - masks - WARNING - Номер карты должен содержать 16 цифр
2026-01-04 21:38:12,479 - masks - WARNING - Номер карты должен содержать 16 цифр
2026-01-04 21:38:12,479 - masks - WARNING - Номер карты должен содержать 16 цифр
2026-01-04 21:38:12,479 - masks - WARNING - Номер карты должен содержать 16 цифр
2026-01-04 21:38:12,479 - masks - WARNING - Номер карты должен содержать 16 цифр
2026-01-04 21:38:12,479 - masks - WARNING - Номер карты должен содержать 16 цифр
2026-01-04 21:38:12,479 - masks - WARNING - Номер карты должен содержать 16 цифр
2026-01-04 21:38:12,479 - masks - WARNING - Номер карты должен содержать 16 цифр
2026-01-04 21:38:12,479 - masks - WARNING - Номер карты должен содержать 16 цифр
2026-01-04 21:38:12,479 - masks - WARNING - Номер карты должен содержать 16 цифр
2026-01-04 21:38:12,479 - masks - WARNING - Номер карты должен содержать 16 цифр
2026-01-04 21:38:12,480 - masks - WARNING - Номер карты должен содержать 16 цифр
2026-01-04 21:38:12,480 - masks - WARNING - Номер карты должен содержать 16 цифр
2026-01-04 21:38:12,480 - masks - WARNING - Номер карты должен содержать 16 цифр
2026-01-04 21:38:12,480 - masks - WARNING - Номер карты должен содержать 16 цифр
2026-01-04 21:38:12,480 - masks - WARNING - Номер карты должен содержать 16 цифр
2026-01-04 21:38:12,480 - masks - WARNING - Номер карты должен содержать 16 цифр
2026-01-04 21:38:12,480 - masks - WARNING - Номер карты должен содержать 16 цифр
2026-01-04 21:38:12,480 - masks - WARNING - Номер карты должен содержать 16 цифр
2026-01-04 21:38:12,480 - masks - WARNING - Номер карты должен содержать 16 цифр
2026-01-04 21:38:12,480 - masks - WARNING - Номер карты должен содержать 16 цифр
2026-01-04 21:38:12,480 - masks - WARNING - Номер карты должен содержать 16 цифр
2026-01-04 21:38:12,480 - masks - WARNING - Номер карты должен содержать 16 цифр
2026-01-04 21:38:12,480 - masks - WARNING - Номер карты должен содержать 16 цифр
2026-01-04 21:38:12,480 - masks - WARNING - Номер карты должен содержать 16 цифр
2026-01-04 21:38:12,480 - masks - WARNING - Номер карты должен содержать 16 цифр
2026-01-04 21:38:12,480 - masks - WARNING - Номер карты должен содержать 16 цифр
2026-01-04 21:38:12,481 - masks - WARNING - Номер карты должен содержать 16 цифр
2026-01-04 21:38:12,481 - masks - WARNING - Номер карты должен содержать 16 цифр
2026-01-04 21:38:12,481 - masks - WARNING - Номер карты должен содержать 16 цифр
2026-01-04 21:38:12,481 - masks - WARNING - Номер карты должен содержать 16 цифр
2026-01-04 21:38:12,481 - masks - WARNING - Номер карты должен содержать 16 цифр
2026-01-04 21:38:12,481 - masks - WARNING - Номер карты должен содержать 16 цифр
2026-01-04 21:38:12,481 - masks - WARNING - Номер карты должен содержать 16 цифр
2026-01-04 21:38:12,481 - masks - WARNING - Номер карты должен содержать 16 цифр
2026-01-04 21:38:12,481 - masks - WARNING - Номер карты должен содержать 16 цифр
2026-01-04 21:38:12,481 - masks - WARNING - Номер карты должен содержать 16 цифр
2026-01-04 21:38:12,481 - masks - WARNING - Номер карты должен содержать 16 цифр
2026-01-04 21:38:12,481 - masks - WARNING - Номер карты должен содержать 16 цифр
2026-01-04 21:38:12,481 - masks - WARNING - Номер карты должен содержать 16 цифр
2026-01-04 22:24:06,489 - masks - WARNING - Номер карты должен содержать 16 цифр
2026-01-04 22:24:06,489 - masks - INFO - Маскировка номера карты
2026-01-04 22:24:06,489 - masks - WARNING - Номер карты должен содержать 16 цифр
2026-01-04 22:24:06,490 - masks - INFO - Маскировка номера карты
2026-01-04 22:24:06,553 - masks - WARNING - Номер счета должен содержать 20 цифр
2026-01-04 22:24:06,553 - masks - INFO - Маскировка номера счета
2026-01-04 22:24:06,553 - masks - WARNING - Номер счета должен содержать 20 цифр
2026-01-04 22:24:06,553 - masks - INFO - Маскировка номера счета
2026-01-04 22:24:06,553 - masks - WARNING - Номер карты должен содержать 16 цифр
2026-01-04 22:24:06,553 - masks - INFO - Маскировка номера карты
2026-01-04 22:24:06,554 - masks - WARNING - Номер карты должен содержать 16 цифр
2026-01-04 22:24:06,554 - masks - INFO - Маскировка номера карты
2026-01-04 22:24:06,554 - masks - WARNING - Номер карты должен содержать 16 цифр
2026-01-04 22:24:06,554 - masks - INFO - Маскировка номера карты
2026-01-04 22:24:06,554 - masks - WARNING - Номер счета должен содержать 20 цифр
2026-01-04 22:24:06,554 - masks - INFO - Маскировка номера счета
2026-01-04 22:24:06,554 - masks - WARNING - Номер счета должен содержать 20 цифр
2026-01-04 22:24:06,554 - masks - INFO - Маскировка номера счета
2026-01-04 22:24:06,554 - masks - WARNING - Номер карты должен содержать 16 цифр
2026-01-04 22:24:06,554 - masks - INFO - Маскировка номера карты
2026-01-04 22:24:06,554 - masks - WARNING - Номер карты должен содержать 16 цифр
2026-01-04 22:24:06,554 - masks - INFO - Маскировка номера карты
2026-01-04 22:24:06,554 - masks - WARNING - Номер карты должен содержать 16 цифр
2026-01-04 22:24:06,554 - masks - INFO - Маскировка номера карты
2026-01-04 22:24:06,555 - masks - WARNING - Номер счета должен содержать 20 цифр
2026-01-04 22:24:06,555 - masks - INFO - Маскировка номера счета
2026-01-04 22:24:06,555 - masks - WARNING - Номер счета должен содержать 20 цифр
2026-01-04 22:24:06,555 - masks - INFO - Маскировка номера счета
2026-01-04 22:24:06,555 - masks - WARNING - Номер счета должен содержать 20 цифр
2026-01-04 22:24:06,555 - masks - INFO - Маскировка номера счета
2026-01-04 22:24:06,555 - masks - WARNING - Номер карты должен содержать 16 цифр
2026-01-04 22:24:06,555 - masks - INFO - Маскировка номера карты
2026-01-04 22:24:06,555 - masks - WARNING - Номер счета должен содержать 20 цифр
2026-01-04 22:24:06,555 - masks - INFO - Маскировка номера счета
2026-01-04 22:24:06,555 - masks - WARNING - Номер счета должен содержать 20 цифр
2026-01-04 22:24:06,555 - masks - INFO - Маскировка номера счета
2026-01-04 22:24:06,555 - masks - WARNING - Номер счета должен содержать 20 цифр
2026-01-04 22:24:06,555 - masks - INFO - Маскировка номера счета
2026-01-04 22:24:06,555 - masks - WARNING - Номер карты должен содержать 16 цифр
2026-01-04 22:24:06,555 - masks - INFO - Маскировка номера карты
2026-01-04 22:24:06,556 - masks - WARNING - Номер счета должен содержать 20 цифр
2026-01-04 22:24:06,556 - masks - INFO - Маскировка номера счета
2026-01-04 22:24:06,556 - masks - WARNING - Номер счета должен содержать 20 цифр
2026-01-04 22:24:06,556 - masks - INFO - Маскировка номера счета
2026-01-04 22:24:06,556 - masks - WARNING - Номер счета должен содержать 20 цифр
2026-01-04 22:24:06,556 - masks - INFO - Маскировка номера счета
2026-01-04 22:24:06,556 - masks - WARNING - Номер счета должен содержать 20 цифр
2026-01-04 22:24:06,556 - masks - INFO - Маскировка номера счета
2026-01-04 22:24:06,556 - masks - WARNING - Номер карты должен содержать 16 цифр
2026-01-04 22:24:06,556 - masks - INFO - Маскировка номера карты
2026-01-04 22:24:06,556 - masks - WARNING - Номер счета должен содержать 20 цифр
2026-01-04 22:24:06,556 - masks - INFO - Маскировка номера счета
2026-01-04 22:24:06,556 - masks - WARNING - Номер счета должен содержать 20 цифр
2026-01-04 22:24:06,556 - masks - INFO - Маскировка номера счета
2026-01-04 22:24:06,556 - masks - WARNING - Номер счета должен содержать 20 цифр
2026-01-04 22:24:06,556 - masks - INFO - Маскировка номера счета
2026-01-04 22:24:06,557 - masks - WARNING - Номер карты должен содержать 16 цифр
2026-01-04 22:24:06,557 - masks - INFO - Маскировка номера карты
2026-01-04 22:24:06,557 - masks - WARNING - Номер счета должен содержать 20 цифр
2026-01-04 22:24:06,557 - masks - INFO - Маскировка номера счета
2026-01-04 22:24:06,557 - masks - WARNING - Номер карты должен содержать 16 цифр
2026-01-04 22:24:06,557 - masks - INFO - Маскировка номера карты
2026-01-04 22:24:06,557 - masks - WARNING - Номер счета должен содержать 20 цифр
2026-01-04 22:24:06,557 - masks - INFO - Маскировка номера счета
2026-01-04 22:24:06,557 - masks - WARNING - Номер карты должен содержать 16 цифр
2026-01-04 22:24:06,557 - masks - INFO - Маскировка номера карты
2026-01-04 22:24:06,557 - masks - WARNING - Номер счета должен содержать 20 цифр
2026-01-04 22:24:06,557 - masks - INFO - Маскировка номера счета
2026-01-04 22:24:06,557 - masks - WARNING - Номер карты должен содержать 16 цифр
2026-01-04 22:24:06,557 - masks - INFO - Маскировка номера карты
2026-01-04 22:24:06,557 - masks - WARNING - Номер счета должен содержать 20 цифр
2026-01-04 22:24:06,558 - masks - INFO - Маскировка номера счета
2026-01-04 22:24:06,558 - masks - WARNING - Номер счета должен содержать 20 цифр
2026-01-04 22:24:06,558 - masks - INFO - Маскировка номера счета
2026-01-04 22:24:06,558 - masks - WARNING - Номер счета должен содержать 20 цифр
2026-01-04 22:24:06,558 - masks - INFO - Маскировка номера счета
2026-01-04 22:24:06,558 - masks - WARNING - Номер карты должен содержать 16 цифр
2026-01-04 22:24:06,558 - masks - INFO - Маскировка номера карты
2026-01-04 22:24:06,558 - masks - WARNING - Номер счета должен содержать 20 цифр
2026-01-04 22:24:06,558 - masks - INFO - Маскировка номера счета
2026-01-04 22:24:06,558 - masks - WARNING - Номер карты должен содержать 16 цифр
2026-01-04 22:24:06,558 - masks - INFO - Маскировка номера карты
2026-01-04 22:24:06,558 - masks - WARNING - Номер счета должен содержать 20 цифр
2026-01-04 22:24:06,558 - masks - INFO - Маскировка номера счета
2026-01-04 22:24:06,558 - masks - WARNING - Номер карты должен содержать 16 цифр
2026-01-04 22:24:06,558 - masks - INFO - Маскировка номера карты
2026-01-04 22:24:06,558 - masks - WARNING - Номер счета должен содержать 20 цифр
2026-01-04 22:24:06,559 - masks - INFO - Маскировка номера счета
2026-01-04 22:24:06,559 - masks - WARNING - Номер карты должен содержать 16 цифр
2026-01-04 22:24:06,559 - masks - INFO - Маскировка номера карты
2026-01-04 22:24:06,559 - masks - WARNING - Номер счета должен содержать 20 цифр
2026-01-04 22:24:06,559 - masks - INFO - Маскировка номера счета
2026-01-04 22:24:06,559 - masks - WARNING - Номер счета должен содержать 20 цифр
2026-01-04 22:24:06,559 - masks - INFO - Маскировка номера счета
2026-01-04 22:24:06,559 - masks - WARNING - Номер счета должен содержать 20 цифр
2026-01-04 22:24:06,559 - masks - INFO - Маскировка номера счета
2026-01-04 22:24:06,559 - masks - WARNING - Номер карты должен содержать 16 цифр
2026-01-04 22:24:06,559 - masks - INFO - Маскировка номера карты
2026-01-04 22:24:06,559 - masks - WARNING - Номер карты должен содержать 16 цифр
2026-01-04 22:24:06,559 - masks - INFO - Маскировка номера карты
2026-01-04 22:24:06,559 - masks - WARNING - Номер счета должен содержать 20 цифр
2026-01-04 22:24:06,560 - masks - INFO - Маскировка номера счета
2026-01-04 22:24:06,560 - masks - WARNING - Номер карты должен содержать 16 цифр
2026-01-04 22:24:06,560 - masks - INFO - Маскировка номера карты
2026-01-04 22:24:06,560 - masks - WARNING - Номер счета должен содержать 20 цифр
2026-01-04 22:24:06,560 - masks - INFO - Маскировка номера счета
2026-01-04 22:24:06,560 - masks - WARNING - Номер счета должен содержать 20 цифр
2026-01-04 22:24:06,560 - masks - INFO - Маскировка номера счета
2026-01-04 22:24:06,560 - masks - WARNING - Номер счета должен содержать 20 цифр
2026-01-04 22:24:06,560 - masks - INFO - Маскировка номера счета
2026-01-04 22:24:06,560 - masks - WARNING - Номер карты должен содержать 16 цифр
2026-01-04 22:24:06,560 - masks - INFO - Маскировка номера карты
2026-01-04 22:24:06,560 - masks - WARNING - Номер счета должен содержать 20 цифр
2026-01-04 22:24:06,560 - masks - INFO - Маскировка номера счета
2026-01-04 22:24:06,560 - masks - WARNING - Номер счета должен содержать 20 цифр
2026-01-04 22:24:06,560 - masks - INFO - Маскировка номера счета
2026-01-04 22:24:06,561 - masks - WARNING - Номер счета должен содержать 20 цифр
2026-01-04 22:24:06,561 - masks - INFO - Маскировка номера счета
2026-01-04 22:24:06,561 - masks - WARNING - Номер счета должен содержать 20 цифр
2026-01-04 22:24:06,561 - masks - INFO - Маскировка номера счета
2026-01-04 22:24:06,561 - masks - WARNING - Номер карты должен содержать 16 цифр
2026-01-04 22:24:06,561 - masks - INFO - Маскировка номера карты
2026-01-04 22:24:06,561 - masks - WARNING - Номер счета должен содержать 20 цифр
2026-01-04 22:24:06,561 - masks - INFO - Маскировка номера счета
2026-01-04 22:24:06,561 - masks - WARNING - Номер карты должен содержать 16 цифр
2026-01-04 22:24:06,561 - masks - INFO - Маскировка номера карты
2026-01-04 22:24:06,561 - masks - WARNING - Номер карты должен содержать 16 цифр
2026-01-04 22:24:06,561 - masks - INFO - Маскировка номера карты
2026-01-04 22:24:06,561 - masks - WARNING - Номер карты должен содержать 16 цифр
2026-01-04 22:24:06,561 - masks - INFO - Маскировка номера карты
2026-01-04 22:24:06,561 - masks - WARNING - Номер карты должен содержать 16 цифр
2026-01-04 22:24:06,562 - masks - INFO - Маскировка номера карты
2026-01-04 22:24:06,562 - masks - WARNING - Номер карты должен содержать 16 цифр
2026-01-04 22:24:06,562 - masks - INFO - Маскировка номера карты
2026-01-04 22:24:06,562 - masks - WARNING - Номер счета должен содержать 20 цифр
2026-01-04 22:24:06,562 - masks - INFO - Маскировка номера счета
2026-01-04 22:24:06,562 - masks - WARNING - Номер счета должен содержать 20 цифр
2026-01-04 22:24:06,562 - masks - INFO - Маскировка номера счета
2026-01-04 22:24:06,562 - masks - WARNING - Номер счета должен содержать 20 цифр
2026-01-04 22:24:06,562 - masks - INFO - Маскировка номера счета
2026-01-04 22:24:06,562 - masks - WARNING - Номер карты должен содержать 16 цифр
2026-01-04 22:24:06,562 - masks - INFO - Маскировка номера карты
2026-01-04 22:24:06,562 - masks - WARNING - Номер счета должен содержать 20 цифр
2026-01-04 22:24:06,562 - masks - INFO - Маскировка номера счета
2026-01-04 22:24:06,562 - masks - WARNING - Номер карты должен содержать 16 цифр
2026-01-04 22:24:06,562 - masks - INFO - Маскировка номера карты
2026-01-04 22:24:06,562 - masks - WARNING - Номер счета должен содержать 20 цифр
2026-01-04 22:24:06,563 - masks - INFO - Маскировка номера счета
2026-01-04 22:24:06,563 - masks - WARNING - Номер карты должен содержать 16 цифр
2026-01-04 22:24:06,563 - masks - INFO - Маскировка номера карты
2026-01-04 22:24:06,563 - masks - WARNING - Номер счета должен содержать 20 цифр
2026-01-04 22:24:06,563 - masks - INFO - Маскировка номера счета
2026-01-04 22:24:06,563 - masks - WARNING - Номер карты должен содержать 16 цифр
2026-01-04 22:24:06,563 - masks - INFO - Маскировка номера карты
2026-01-04 22:24:06,563 - masks - WARNING - Номер карты должен содержать 16 цифр
2026-01-04 22:24:06,563 - masks - INFO - Маскировка номера карты
2026-01-04 22:24:06,563 - masks - WARNING - Номер счета должен содержать 20 цифр
2026-01-04 22:24:06,563 - masks - INFO - Маскировка номера счета
2026-01-04 22:24:06,563 - masks - WARNING - Номер счета должен содержать 20 цифр
2026-01-04 22:24:06,563 - masks - INFO - Маскировка номера счета
2026-01-04 22:24:06,563 - masks - WARNING - Номер карты должен содержать 16 цифр
2026-01-04 22:24:06,563 - masks - INFO - Маскировка номера карты
2026-01-04 22:24:06,564 - masks - WARNING - Номер карты должен содержать 16 цифр
2026-01-04 22:24:06,564 - masks - INFO - Маскировка номера карты
2026-01-04 22:24:06,564 - masks - WARNING - Номер карты должен содержать 16 цифр
2026-01-04 22:24:06,564 - masks - INFO - Маскировка номера карты
2026-01-04 22:24:06,564 - masks - WARNING - Номер карты должен содержать 16 цифр
2026-01-04 22:24:06,564 - masks - INFO - Маскировка номера карты
2026-01-04 22:24:06,564 - masks - WARNING - Номер карты должен содержать 16 цифр
2026-01-04 22:24:06,564 - masks - INFO - Маскировка номера карты
2026-01-04 22:24:06,564 - masks - WARNING - Номер карты должен содержать 16 цифр
2026-01-04 22:24:06,564 - masks - INFO - Маскировка номера карты
2026-01-04 22:24:06,564 - masks - WARNING - Номер счета должен содержать 20 цифр
2026-01-04 22:24:06,564 - masks - INFO - Маскировка номера счета
2026-01-04 22:24:06,565 - masks - WARNING - Номер счета должен содержать 20 цифр
2026-01-04 22:24:06,565 - masks - INFO - Маскировка номера счета
2026-01-04 22:24:06,565 - masks - WARNING - Номер счета должен содержать 20 цифр
2026-01-04 22:24:06,565 - masks - INFO - Маскировка номера счета
2026-01-04 22:24:06,565 - masks - WARNING - Номер счета должен содержать 20 цифр
2026-01-04 22:24:06,565 - masks - INFO - Маскировка номера счета
2026-01-04 22:24:06,565 - masks - WARNING - Номер карты должен содержать 16 цифр
2026-01-04 22:24:06,565 - masks - INFO - Маскировка номера карты
2026-01-04 22:24:06,565 - masks - WARNING - Номер карты должен содержать 16 цифр
2026-01-04 22:24:06,565 - masks - INFO - Маскировка номера карты
2026-01-04 22:24:06,565 - masks - WARNING - Номер карты должен содержать 16 цифр
2026-01-04 22:24:06,565 - masks - INFO - Маскировка номера карты
2026-01-04 22:24:06,565 - masks - WARNING - Номер карты должен содержать 16 цифр
2026-01-04 22:24:06,565 - masks - INFO - Маскировка номера карты
2026-01-04 22:24:06,565 - masks - WARNING - Номер счета должен содержать 20 цифр
2026-01-04 22:24:06,566 - masks - INFO - Маскировка номера счета
2026-01-04 22:24:06,566 - masks - WARNING - Номер счета должен содержать 20 цифр
2026-01-04 22:24:06,566 - masks - INFO - Маскировка номера счета
2026-01-04 22:24:06,566 - masks - WARNING - Номер счета должен содержать 20 цифр
2026-01-04 22:24:06,566 - masks - INFO - Маскировка номера счета
2026-01-04 22:24:06,566 - masks - WARNING - Номер счета должен содержать 20 цифр
2026-01-04 22:24:06,566 - masks - INFO - Маскировка номера счета
2026-01-04 22:24:06,566 - masks - WARNING - Номер счета должен содержать 20 цифр
2026-01-04 22:24:06,566 - masks - INFO - Маскировка номера счета
2026-01-04 22:24:06,566 - masks - WARNING - Номер счета должен содержать 20 цифр
2026-01-04 22:24:06,566 - masks - INFO - Маскировка номера счета
2026-01-04 22:24:06,566 - masks - WARNING - Номер счета должен содержать 20 цифр
2026-01-04 22:24:06,566 - masks - INFO - Маскировка номера счета
2026-01-04 22:24:06,566 - masks - WARNING - Номер карты должен содержать 16 цифр
2026-01-04 22:24:06,566 - masks - INFO - Маскировка номера карты
2026-01-04 22:24:06,567 - masks - WARNING - Номер счета должен содержать 20 цифр
2026-01-04 22:24:06,567 - masks - INFO - Маскировка номера счета
2026-01-04 22:24:06,567 - masks - WARNING - Номер счета должен содержать 20 цифр
2026-01-04 22:24:06,567 - masks - INFO - Маскировка номера счета
2026-01-04 22:24:06,567 - masks - WARNING - Номер счета должен содержать 20 цифр
2026-01-04 22:24:06,567 - masks - INFO - Маскировка номера счета
2026-01-04 22:24:06,567 - masks - WARNING - Номер счета должен содержать 20 цифр
2026-01-04 22:24:06,567 - masks - INFO - Маскировка номера счета
2026-01-04 22:24:06,567 - masks - WARNING - Номер счета должен содержать 20 цифр
2026-01-04 22:24:06,567 - masks - INFO - Маскировка номера счета
2026-01-04 22:24:06,567 - masks - WARNING - Номер карты должен содержать 16 цифр
2026-01-04 22:24:06,567 - masks - INFO - Маскировка номера карты
2026-01-04 22:24:06,567 - masks - WARNING - Номер счета должен содержать 20 цифр
2026-01-04 22:24:06,567 - masks - INFO - Маскировка номера счета
2026-01-04 22:24:06,567 - masks - WARNING - Номер карты должен содержать 16 цифр
2026-01-04 22:24:06,567 - masks - INFO - Маскировка номера карты
2026-01-04 22:24:06,568 - masks - WARNING - Номер счета должен содержать 20 цифр
2026-01-04 22:24:06,568 - masks - INFO - Маскировка номера счета
2026-01-04 22:24:06,568 - masks - WARNING - Номер карты должен содержать 16 цифр
2026-01-04 22:24:06,568 - masks - INFO - Маскировка номера карты
2026-01-04 22:24:06,568 - masks - WARNING - Номер счета должен содержать 20 цифр
2026-01-04 22:24:06,568 - masks - INFO - Маскировка номера счета
2026-01-04 22:24:06,568 - masks - WARNING - Номер карты должен содержать 16 цифр
2026-01-04 22:24:06,568 - masks - INFO - Маскировка номера карты
2026-01-04 22:24:06,568 - masks - WARNING - Номер счета должен содержать 20 цифр
2026-01-04 22:24:06,568 - masks - INFO - Маскировка номера счета
2026-01-04 22:24:06,568 - masks - WARNING - Номер счета должен содержать 20 цифр
2026-01-04 22:24:06,568 - masks - INFO - Маскировка номера счета
2026-01-04 22:24:06,568 - masks - WARNING - Номер счета должен содержать 20 цифр
2026-01-04 22:24:06,568 - masks - INFO - Маскировка номера счета
2026-01-04 22:24:06,569 - masks - WARNING - Номер карты должен содержать 16 цифр
2026-01-04 22:24:06,569 - masks - INFO - Маскировка номера карты
2026-01-04 22:24:06,569 - masks - WARNING - Номер счета должен содержать 20 цифр
2026-01-04 22:24:06,569 - masks - INFO - Маскировка номера счета
2026-01-04 22:24:06,569 - masks - WARNING - Номер счета должен содержать 20 цифр
2026-01-04 22:24:06,569 - masks - INFO - Маскировка номера счета
2026-01-04 22:24:06,569 - masks - WARNING - Номер счета должен содержать 20 цифр
2026-01-04 22:24:06,569 - masks - INFO - Маскировка номера счета
2026-01-04 22:24:06,569 - masks - WARNING - Номер карты должен содержать 16 цифр
2026-01-04 22:24:06,569 - masks - INFO - Маскировка номера карты
2026-01-04 22:24:06,569 - masks - WARNING - Номер карты должен содержать 16 цифр
2026-01-04 22:24:06,569 - masks - INFO - Маскировка номера карты
2026-01-04 22:24:06,569 - masks - WARNING - Номер счета должен содержать 20 цифр
2026-01-04 22:24:06,569 - masks - INFO - Маскировка номера счета
2026-01-04 22:24:06,569 - masks - WARNING - Номер счета должен содержать 20 цифр
2026-01-04 22:24:06,570 - masks - INFO - Маскировка номера счета
2026-01-04 22:24:06,570 - masks - WARNING - Номер счета должен содержать 20 цифр
2026-01-04 22:24:06,570 - masks - INFO - Маскировка номера счета
2026-01-04 22:24:06,570 - masks - WARNING - Номер карты должен содержать 16 цифр
2026-01-04 22:24:06,570 - masks - INFO - Маскировка номера карты
2026-01-04 22:24:06,570 - masks - WARNING - Номер карты должен содержать 16 цифр
2026-01-04 22:24:06,570 - masks - INFO - Маскировка номера карты
2026-01-04 22:24:06,570 - masks - WARNING - Номер счета должен содержать 20 цифр
2026-01-04 22:24:06,570 - masks - INFO - Маскировка номера счета
2026-01-04 22:24:06,570 - masks - WARNING - Номер счета должен содержать 20 цифр
2026-01-04 22:24:06,570 - masks - INFO - Маскировка номера счета
2026-01-04 22:24:06,570 - masks - WARNING - Номер карты должен содержать 16 цифр
2026-01-04 22:24:06,570 - masks - INFO - Маскировка номера карты
2026-01-04 22:24:06,570 - masks - WARNING - Номер карты должен содержать 16 цифр
2026-01-04 22:24:06,570 - masks - INFO - Маскировка номера карты
2026-01-04 22:24:06,571 - masks - WARNING - Номер карты должен содержать 16 цифр
2026-01-04 22:24:06,571 - masks - INFO - Маскировка номера карты
2026-01-04 22:24:06,571 - masks - WARNING - Номер карты должен содержать 16 цифр
2026-01-04 22:24:06,571 - masks - INFO - Маскировка номера карты
2026-01-04 22:24:06,571 - masks - WARNING - Номер карты должен содержать 16 цифр
2026-01-04 22:24:06,571 - masks - INFO - Маскировка номера карты
2026-01-04 22:24:06,571 - masks - WARNING - Номер счета должен содержать 20 цифр
2026-01-04 22:24:06,571 - masks - INFO - Маскировка номера счета
2026-01-04 22:24:06,571 - masks - WARNING - Номер карты должен содержать 16 цифр
2026-01-04 22:24:06,571 - masks - INFO - Маскировка номера карты
2026-01-04 22:24:06,571 - masks - WARNING - Номер счета должен содержать 20 цифр
2026-01-04 22:24:06,571 - masks - INFO - Маскировка номера счета
2026-01-04 22:24:06,571 - masks - WARNING - Номер счета должен содержать 20 цифр
2026-01-04 22:24:06,571 - masks - INFO - Маскировка номера счета
2026-01-04 22:24:06,571 - masks - WARNING - Номер счета должен содержать 20 цифр
2026-01-04 22:24:06,572 - masks - INFO - Маскировка номера счета
2026-01-04 22:24:06,572 - masks - WARNING - Номер карты должен содержать 16 цифр
2026-01-04 22:24:06,572 - masks - INFO - Маскировка номера карты
2026-01-04 22:24:06,572 - masks - WARNING - Номер счета должен содержать 20 цифр
2026-01-04 22:24:06,572 - masks - INFO - Маскировка номера счета
2026-01-04 22:24:06,572 - masks - WARNING - Номер счета должен содержать 20 цифр
2026-01-04 22:24:06,572 - masks - INFO - Маскировка номера счета
2026-01-04 22:24:06,572 - masks - WARNING - Номер счета должен содержать 20 цифр
2026-01-04 22:24:06,572 - masks - INFO - Маскировка номера счета
2026-01-04 22:24:06,572 - masks - WARNING - Номер счета должен содержать 20 цифр
2026-01-04 22:24:06,572 - masks - INFO - Маскировка номера счета
2026-01-04 22:24:06,572 - masks - WARNING - Номер карты должен содержать 16 цифр
2026-01-04 22:24:06,572 - masks - INFO - Маскировка номера карты
2026-01-04 22:24:06,572 - masks - WARNING - Номер счета должен содержать 20 цифр
2026-01-04 22:24:06,573 - masks - INFO - Маскировка номера счета
2026-01-04 22:24:06,573 - masks - WARNING - Номер счета должен содержать 20 цифр
2026-01-04 22:24:06,573 - masks - INFO - Маскировка номера счета
2026-01-04 22:24:06,573 - masks - WARNING - Номер счета должен содержать 20 цифр
2026-01-04 22:24:06,573 - masks - INFO - Маскировка номера счета
2026-01-04 22:24:06,573 - masks - WARNING - Номер карты должен содержать 16 цифр
2026-01-04 22:24:06,573 - masks - INFO - Маскировка номера карты
2026-01-04 22:24:06,573 - masks - WARNING - Номер счета должен содержать 20 цифр
2026-01-04 22:24:06,573 - masks - INFO - Маскировка номера счета
2026-01-04 22:24:06,573 - masks - WARNING - Номер счета должен содержать 20 цифр
2026-01-04 22:24:06,573 - masks - INFO - Маскировка номера счета
2026-01-04 22:24:06,573 - masks - WARNING - Номер счета должен содержать 20 цифр
2026-01-04 22:24:06,573 - masks - INFO - Маскировка номера счета
2026-01-04 22:24:06,573 - masks - WARNING - Номер карты должен содержать 16 цифр
2026-01-04 22:24:06,573 - masks - INFO - Маскировка номера карты
2026-01-04 22:24:06,573 - masks - WARNING - Номер счета должен содержать 20 цифр
2026-01-04 22:24:06,574 - masks - INFO - Маскировка номера счета
2026-01-04 22:24:06,574 - masks - WARNING - Номер счета должен содержать 20 цифр
2026-01-04 22:24:06,574 - masks - INFO - Маскировка номера счета
2026-01-04 22:24:06,574 - masks - WARNING - Номер карты должен содержать 16 цифр
2026-01-04 22:24:06,574 - masks - INFO - Маскировка номера карты
2026-01-04 22:24:06,574 - masks - WARNING - Номер карты должен содержать 16 цифр
2026-01-04 22:24:06,574 - masks - INFO - Маскировка номера карты
2026-01-04 22:24:06,574 - masks - WARNING - Номер счета должен содержать 20 цифр
2026-01-04 22:24:06,574 - masks - INFO - Маскировка номера счета
2026-01-04 22:24:06,574 - masks - WARNING - Номер счета должен содержать 20 цифр
2026-01-04 22:24:06,574 - masks - INFO - Маскировка номера счета
2026-01-04 22:24:06,574 - masks - WARNING - Номер счета должен содержать 20 цифр
2026-01-04 22:24:06,574 - masks - INFO - Маскировка номера счета
2026-01-04 22:24:06,574 - masks - WARNING - Номер счета должен содержать 20 цифр
2026-01-04 22:24:06,574 - masks - INFO - Маскировка номера счета
2026-01-04 22:24:06,575 - masks - WARNING - Номер счета должен содержать 20 цифр
2026-01-04 22:24:06,575 - masks - INFO - Маскировка номера счета
2026-01-04 22:24:06,575 - masks - WARNING - Номер счета должен содержать 20 цифр
2026-01-04 22:24:06,575 - masks - INFO - Маскировка номера счета
2026-01-04 22:24:06,575 - masks - WARNING - Номер карты должен содержать 16 цифр
2026-01-04 22:24:06,575 - masks - INFO - Маскировка номера карты
2026-01-04 22:24:06,575 - masks - WARNING - Номер счета должен содержать 20 цифр
2026-01-04 22:24:06,575 - masks - INFO - Маскировка номера счета
2026-01-04 22:24:06,575 - masks - WARNING - Номер счета должен содержать 20 цифр
2026-01-04 22:24:06,575 - masks - INFO - Маскировка номера счета
2026-01-04 22:24:06,575 - masks - WARNING - Номер счета должен содержать 20 цифр
2026-01-04 22:24:06,575 - masks - INFO - Маскировка номера счета
2026-01-04 22:24:06,575 - masks - WARNING - Номер карты должен содержать 16 цифр
2026-01-04 22:24:06,575 - masks - INFO - Маскировка номера карты
2026-01-04 22:24:06,575 - masks - WARNING - Номер счета должен содержать 20 цифр
2026-01-04 22:24:06,576 - masks - INFO - Маскировка номера счета
2026-01-04 22:24:06,576 - masks - WARNING - Номер карты должен содержать 16 цифр
2026-01-04 22:24:06,576 - masks - INFO - Маскировка номера карты
2026-01-04 22:24:06,576 - masks - WARNING - Номер счета должен содержать 20 цифр
2026-01-04 22:24:06,576 - masks - INFO - Маскировка номера счета
2026-01-04 22:24:06,576 - masks - WARNING - Номер карты должен содержать 16 цифр
2026-01-04 22:24:06,576 - masks - INFO - Маскировка номера карты
2026-01-04 22:24:06,576 - masks - WARNING - Номер карты должен содержать 16 цифр
2026-01-04 22:24:06,576 - masks - INFO - Маскировка номера карты
2026-01-04 22:24:06,576 - masks - WARNING - Номер счета должен содержать 20 цифр
2026-01-04 22:24:06,576 - masks - INFO - Маскировка номера счета
2026-01-04 22:24:06,576 - masks - WARNING - Номер счета должен содержать 20 цифр
2026-01-04 22:24:06,576 - masks - INFO - Маскировка номера счета
2026-01-04 22:24:06,576 - masks - WARNING - Номер счета должен содержать 20 цифр
2026-01-04 22:24:06,576 - masks - INFO - Маскировка номера счета
2026-01-04 22:24:06,577 - masks - WARNING - Номер счета должен содержать 20 цифр
2026-01-04 22:24:06,577 - masks - INFO - Маскировка номера счета
2026-01-04 22:24:06,577 - masks - WARNING - Номер карты должен содержать 16 цифр
2026-01-04 22:24:06,577 - masks - INFO - Маскировка номера карты
2026-01-04 22:24:06,577 - masks - WARNING - Номер счета должен содержать 20 цифр
2026-01-04 22:24:06,577 - masks - INFO - Маскировка номера счета
2026-01-04 22:24:06,577 - masks - WARNING - Номер счета должен содержать 20 цифр
2026-01-04 22:24:06,577 - masks - INFO - Маскировка номера счета
2026-01-04 22:24:06,577 - masks - WARNING - Номер счета должен содержать 20 цифр
2026-01-04 22:24:06,577 - masks - INFO - Маскировка номера счета
2026-01-04 22:24:06,577 - masks - WARNING - Номер счета должен содержать 20 цифр
2026-01-04 22:24:06,577 - masks - INFO - Маскировка номера счета
2026-01-04 22:24:06,577 - masks - WARNING - Номер карты должен содержать 16 цифр
2026-01-04 22:24:06,577 - masks - INFO - Маскировка номера карты
2026-01-04 22:24:06,577 - masks - WARNING - Номер счета должен содержать 20 цифр
2026-01-04 22:24:06,578 - masks - INFO - Маскировка номера счета
2026-01-04 22:24:06,578 - masks - WARNING - Номер карты должен содержать 16 цифр
2026-01-04 22:24:06,578 - masks - INFO - Маскировка номера карты
2026-01-04 22:24:06,578 - masks - WARNING - Номер карты должен содержать 16 цифр
2026-01-04 22:24:06,578 - masks - INFO - Маскировка номера карты
2026-01-04 22:24:06,578 - masks - WARNING - Номер карты должен содержать 16 цифр
2026-01-04 22:24:06,578 - masks - INFO - Маскировка номера карты
2026-01-04 22:24:06,578 - masks - WARNING - Номер счета должен содержать 20 цифр
2026-01-04 22:24:06,578 - masks - INFO - Маскировка номера счета
2026-01-04 22:24:06,578 - masks - WARNING - Номер счета должен содержать 20 цифр
2026-01-04 22:24:06,578 - masks - INFO - Маскировка номера счета
